// Jest Snapshot v1, https://goo.gl/fbAQLP

exports[`SearchPage Container renders correctly 1`] = `
<div
  className="search-books"
>
  <div
    className="search-books-bar"
  >
    <a
      className="close-search"
      href="/"
      onClick={[Function]}
    >
      close
    </a>
    <div
      className="search-books-input-wrapper"
    >
      <input
        onChange={[Function]}
        placeholder="searchQueryPlaceholder"
        type="text"
      />
    </div>
  </div>
  <div
    className="search-books-results"
  >
    
    <ol
      className="books-grid"
    >
      <li
        className="empty-message"
      >
        noSearchResults
      </li>
    </ol>
  </div>
</div>
`;
