// Jest Snapshot v1, https://goo.gl/fbAQLP

exports[`BookShelf Container renders correctly 1`] = `
<div
  className="bookshelf"
>
  <h2
    className="bookshelf-title"
  >
    Currently Reading
  </h2>
  <div
    className="bookshelf-books"
  >
    <ol
      className="books-grid"
    >
      <li>
        <div
          className="book"
        >
          <div
            className="book-top"
          >
            <img
              alt="1776"
              className="book-cover"
              height="193"
              src="http://books.google.com/books/content?id=uu1mC6zWNTwC&printsec=frontcover&img=1&zoom=1&imgtk=AFLRE73pGHfBNSsJG9Y8kRBpmLUft9O4BfItHioHolWNKOdLavw-SLcXADy3CPAfJ0_qMb18RmCa7Ds1cTdpM3dxAGJs8zfCfm8c6ggBIjzKT7XR5FIB53HHOhnsT7a0Cc-PpneWq9zX&source=gbs_api"
              width="128"
            />
            <div
              className="book-shelf-changer"
            >
              <select
                onChange={[Function]}
              >
                <option
                  disabled={true}
                  value="none"
                >
                  Move to...
                </option>
                <option
                  value="currentlyReading"
                >
                  Currently Reading
                </option>
                <option
                  value="wantToRead"
                >
                  Want to Read
                </option>
                <option
                  value="read"
                >
                  Read
                </option>
                <option
                  value="none"
                >
                  None
                </option>
              </select>
            </div>
          </div>
          <div
            className="book-title"
          >
            1776
          </div>
          <div
            className="book-authors"
          >
            Test author, Daniel
          </div>
        </div>
      </li>
    </ol>
  </div>
</div>
`;
