// Jest Snapshot v1, https://goo.gl/fbAQLP

exports[`Book Component renders correctly 1`] = `
<div
  className="book"
>
  <div
    className="book-top"
  >
    <img
      className="book-cover"
      height="193"
      src="http://i.imgur.com/J5LVHEL.jpg"
      width="128"
    />
    <div
      className="book-shelf-changer"
    >
      <select>
        <option
          disabled={true}
          value="none"
        >
          Move to...
        </option>
        <option
          value="currentlyReading"
        >
          Currently Reading
        </option>
        <option
          value="wantToRead"
        >
          Want to Read
        </option>
        <option
          value="read"
        >
          Read
        </option>
        <option
          value="none"
        >
          None
        </option>
      </select>
    </div>
  </div>
  <div
    className="book-title"
  >
    To Kill a Mockingbird
  </div>
  <div
    className="book-authors"
  >
    Harper Lee
  </div>
</div>
`;
