// Jest Snapshot v1, https://goo.gl/fbAQLP

exports[`BookShelf Container renders Loader Component correctly 1`] = `null`;
