// Jest Snapshot v1, https://goo.gl/fbAQLP

exports[`Shelves Container renders Shelves Container correctly 1`] = `null`;
